2026-07-29 21:11:16 | INFO | ML | === RUN START ===
2026-07-29 21:11:16 | INFO | ML | project=ML
2026-07-29 21:11:16 | INFO | ML | repo_dir=CS44670-Module-5
2026-07-29 21:11:16 | INFO | ML | python=3.14.6
2026-07-29 21:11:16 | INFO | ML | os=Windows 11
2026-07-29 21:11:16 | INFO | ML | shell=powershell
2026-07-29 21:11:16 | INFO | ML | cwd=.
2026-07-29 21:11:16 | INFO | ML | github_actions=False
2026-07-29 21:11:16 | INFO | ML | === RUN START ===
2026-07-29 21:11:16 | INFO | ML | project=ML
2026-07-29 21:11:16 | INFO | ML | repo_dir=CS44670-Module-5
2026-07-29 21:11:16 | INFO | ML | python=3.14.6
2026-07-29 21:11:16 | INFO | ML | os=Windows 11
2026-07-29 21:11:16 | INFO | ML | shell=powershell
2026-07-29 21:11:16 | INFO | ML | cwd=.
2026-07-29 21:11:16 | INFO | ML | github_actions=False
2026-07-29 21:11:16 | INFO | ML | ========================
2026-07-29 21:11:16 | INFO | ML | START main()
2026-07-29 21:11:16 | INFO | ML | ========================
2026-07-29 21:11:16 | INFO | ML | Load dataset..............
2026-07-29 21:11:16 | INFO | ML | Loading dataset: hours_scores_case
2026-07-29 21:11:16 | INFO | ML | Loaded: 10 rows, 6 columns
2026-07-29 21:11:16 | DEBUG | ML | 
   hours_studied  practice_quizzes  attendance_pct  sleep_hours  prior_score  score
0            2.0                 1              72          6.0           58     62
1            3.5                 2              80          6.5           61     68
2            4.0                 3              85          7.0           64     72
3            5.0                 3              88          7.5           66     76
4            6.0                 4              90          7.0           70     81
2026-07-29 21:11:16 | INFO | ML | Inspect dataset...........
2026-07-29 21:11:16 | INFO | ML | Column names
2026-07-29 21:11:16 | DEBUG | ML | ['hours_studied', 'practice_quizzes', 'attendance_pct', 'sleep_hours', 'prior_score', 'score']
2026-07-29 21:11:16 | INFO | ML | DataFrame info
2026-07-29 21:11:16 | INFO | ML | Dataset shape: 10 rows, 6 columns
2026-07-29 21:11:16 | INFO | ML | Check data quality........
2026-07-29 21:11:16 | INFO | ML | Missing values by column
2026-07-29 21:11:16 | DEBUG | ML | 
hours_studied       0
practice_quizzes    0
attendance_pct      0
sleep_hours         0
prior_score         0
score               0
dtype: int64
2026-07-29 21:11:16 | INFO | ML | Duplicate row count: 0
2026-07-29 21:11:16 | INFO | ML | Create clean view.........
2026-07-29 21:11:16 | INFO | ML | Creating clean modeling view
2026-07-29 21:11:16 | INFO | ML | Clean view: 10 rows, 6 columns
2026-07-29 21:11:16 | INFO | ML | Train supervised model....
2026-07-29 21:11:16 | INFO | ML | Training LinearRegression model
2026-07-29 21:11:16 | INFO | ML | Mean absolute error: 0.48
2026-07-29 21:11:16 | INFO | ML | R-squared: 1.00
2026-07-29 21:11:16 | INFO | ML | Predict one case..........
2026-07-29 21:11:16 | INFO | ML | Predicting one new case
2026-07-29 21:11:16 | INFO | ML | New case:
   hours_studied  practice_quizzes  attendance_pct  sleep_hours  prior_score
0            6.5                 4              92          7.0           72
2026-07-29 21:11:16 | INFO | ML | Predicted score: 83.4
2026-07-29 21:11:16 | INFO | ML | Create charts.............
2026-07-29 21:11:16 | INFO | ML | Creating chart: hours studied vs score
2026-07-29 21:11:17 | INFO | ML | Creating chart: model coefficients
2026-07-29 21:11:17 | INFO | ML | Got a figure Figure(900x500) and axes Axes(0.125,0.11;0.775x0.77) from plt.subplots().
2026-07-29 21:11:17 | INFO | ML | Summarize workflow........
2026-07-29 21:11:17 | INFO | ML | ========================
2026-07-29 21:11:17 | INFO | ML | SUMMARY
2026-07-29 21:11:17 | INFO | ML | ========================
2026-07-29 21:11:17 | INFO | ML | Dataset: hours_scores_case
2026-07-29 21:11:17 | INFO | ML | Original rows: 10
2026-07-29 21:11:17 | INFO | ML | Clean rows: 10
2026-07-29 21:11:17 | INFO | ML | Features: ['hours_studied', 'practice_quizzes', 'attendance_pct', 'sleep_hours', 'prior_score']
2026-07-29 21:11:17 | INFO | ML | Target: score
2026-07-29 21:11:17 | INFO | ML | ----- in a script, call plt.show() once at the end to display all charts -----
2026-07-29 21:11:17 | INFO | ML | ----- in a script, CLOSE the chart windows with the close button to CONTINUE -----
2026-07-29 21:11:24 | INFO | ML | Workflow complete
2026-07-29 21:11:24 | INFO | ML | IMPORTANT: This script creates chart windows.
2026-07-29 21:11:24 | INFO | ML | Close chart windows and terminate this process with CTRL+c as needed.
2026-07-29 21:11:24 | INFO | ML | ========================
2026-07-29 21:11:24 | INFO | ML | Executed successfully!
2026-07-29 21:11:24 | INFO | ML | ========================
2026-07-29 21:14:38 | INFO | ML | === RUN START ===
2026-07-29 21:14:38 | INFO | ML | project=ML
2026-07-29 21:14:38 | INFO | ML | repo_dir=CS44670-Module-5
2026-07-29 21:14:38 | INFO | ML | python=3.14.6
2026-07-29 21:14:38 | INFO | ML | os=Windows 11
2026-07-29 21:14:38 | INFO | ML | shell=powershell
2026-07-29 21:14:38 | INFO | ML | cwd=.
2026-07-29 21:14:38 | INFO | ML | github_actions=False
2026-07-29 21:17:54 | INFO | M05 | === RUN START ===
2026-07-29 21:17:54 | INFO | M05 | project=M05
2026-07-29 21:17:54 | INFO | M05 | repo_dir=CS44670-Module-5
2026-07-29 21:17:54 | INFO | M05 | python=3.14.6
2026-07-29 21:17:54 | INFO | M05 | os=Windows 11
2026-07-29 21:17:54 | INFO | M05 | shell=powershell
2026-07-29 21:17:54 | INFO | M05 | cwd=notebooks
2026-07-29 21:17:54 | INFO | M05 | github_actions=False
2026-07-29 21:17:54 | INFO | M05 | Confirming installation:
2026-07-29 21:17:54 | INFO | M05 |   python:       3.14.6
2026-07-29 21:17:54 | INFO | M05 |   pandas:       3.0.5
2026-07-29 21:17:54 | INFO | M05 |   numpy:        2.5.1
2026-07-29 21:17:54 | INFO | M05 |   scikit-learn: 1.9.0
2026-07-29 21:17:54 | INFO | M05 |   seaborn:      0.13.2
2026-07-29 21:17:54 | INFO | M05 |   matplotlib:   3.11.1
2026-07-29 21:17:55 | INFO | M05 | === RUN START ===
2026-07-29 21:17:55 | INFO | M05 | project=M05
2026-07-29 21:17:55 | INFO | M05 | repo_dir=CS44670-Module-5
2026-07-29 21:17:55 | INFO | M05 | python=3.14.6
2026-07-29 21:17:55 | INFO | M05 | os=Windows 11
2026-07-29 21:17:55 | INFO | M05 | shell=powershell
2026-07-29 21:17:55 | INFO | M05 | cwd=notebooks
2026-07-29 21:17:55 | INFO | M05 | github_actions=False
2026-07-29 21:17:55 | INFO | M05 | Confirming installation:
2026-07-29 21:17:55 | INFO | M05 |   python:       3.14.6
2026-07-29 21:17:55 | INFO | M05 |   pandas:       3.0.5
2026-07-29 21:17:55 | INFO | M05 |   numpy:        2.5.1
2026-07-29 21:17:55 | INFO | M05 |   scikit-learn: 1.9.0
2026-07-29 21:17:55 | INFO | M05 |   seaborn:      0.13.2
2026-07-29 21:17:55 | INFO | M05 |   matplotlib:   3.11.1
2026-07-29 21:17:55 | INFO | M05 | Loading dataset: penguins
2026-07-29 21:17:55 | INFO | M05 | Loaded: 344 rows (instances), 7 columns
2026-07-29 21:17:55 | INFO | M05 | Original rows: 344
2026-07-29 21:17:55 | INFO | M05 | Model rows:    342
2026-07-29 21:17:55 | INFO | M05 | Classes in target 'species': ['Adelie', 'Chinstrap', 'Gentoo']
2026-07-29 21:17:55 | DEBUG | M05 | Class counts:
species
Adelie       151
Gentoo       123
Chinstrap     68
Name: count, dtype: int64
2026-07-29 21:17:55 | INFO | M05 | Train instances: 273
2026-07-29 21:17:55 | INFO | M05 | Test instances: 69
2026-07-29 21:17:55 | INFO | M05 | Fitting single tree + two ensembles
2026-07-29 21:17:55 | DEBUG | M05 |   fitted: single_tree
2026-07-29 21:17:55 | DEBUG | M05 |   fitted: random_forest
2026-07-29 21:17:56 | DEBUG | M05 |   fitted: gradient_boosting
2026-07-29 21:17:56 | INFO | M05 |   single_tree        test accuracy = 0.986
2026-07-29 21:17:56 | INFO | M05 |   random_forest      test accuracy = 1.000
2026-07-29 21:17:56 | INFO | M05 |   gradient_boosting  test accuracy = 0.986
2026-07-29 21:17:56 | INFO | M05 | Best model: random_forest with test accuracy = 1.000
2026-07-29 21:17:56 | INFO | M05 | Random forest feature importances (high to low):
2026-07-29 21:17:56 | INFO | M05 |   bill_length_mm       0.404
2026-07-29 21:17:56 | INFO | M05 |   flipper_length_mm    0.301
2026-07-29 21:17:56 | INFO | M05 |   bill_depth_mm        0.219
2026-07-29 21:17:56 | INFO | M05 |   body_mass_g          0.076
2026-07-29 21:17:56 | INFO | M05 | ========================
2026-07-29 21:17:56 | INFO | M05 | SUMMARY
2026-07-29 21:17:56 | INFO | M05 | ========================
2026-07-29 21:17:56 | INFO | M05 | Dataset: penguins   Target: species (classification)
2026-07-29 21:17:56 | INFO | M05 | Compared: single tree vs. random forest vs. gradient boosting
2026-07-29 21:17:56 | INFO | M05 | ========================
2026-08-02 11:31:29 | INFO | M05 | === RUN START ===
2026-08-02 11:31:29 | INFO | M05 | project=M05
2026-08-02 11:31:29 | INFO | M05 | repo_dir=CS44670-Module-5
2026-08-02 11:31:29 | INFO | M05 | python=3.14.6
2026-08-02 11:31:29 | INFO | M05 | os=Windows 11
2026-08-02 11:31:29 | INFO | M05 | shell=powershell
2026-08-02 11:31:29 | INFO | M05 | cwd=notebooks
2026-08-02 11:31:29 | INFO | M05 | github_actions=False
2026-08-02 11:31:29 | INFO | M05 | Confirming installation:
2026-08-02 11:31:29 | INFO | M05 |   python:       3.14.6
2026-08-02 11:31:29 | INFO | M05 |   pandas:       3.0.5
2026-08-02 11:31:29 | INFO | M05 |   numpy:        2.5.1
2026-08-02 11:31:29 | INFO | M05 |   scikit-learn: 1.9.0
2026-08-02 11:31:29 | INFO | M05 |   seaborn:      0.13.2
2026-08-02 11:31:29 | INFO | M05 |   matplotlib:   3.11.1
2026-08-02 11:31:37 | INFO | M05 | Loading dataset: penguins
2026-08-02 11:31:37 | INFO | M05 | Loaded: 344 rows (instances), 7 columns
2026-08-02 11:31:37 | INFO | M05 | Original rows: 344
2026-08-02 11:31:37 | INFO | M05 | Model rows:    342
2026-08-02 11:31:37 | INFO | M05 | Classes in target 'species': ['Adelie', 'Chinstrap', 'Gentoo']
2026-08-02 11:31:37 | DEBUG | M05 | Class counts:
species
Adelie       151
Gentoo       123
Chinstrap     68
Name: count, dtype: int64
2026-08-02 11:31:39 | INFO | M05 | === RUN START ===
2026-08-02 11:31:39 | INFO | M05 | project=M05
2026-08-02 11:31:39 | INFO | M05 | repo_dir=CS44670-Module-5
2026-08-02 11:31:39 | INFO | M05 | python=3.14.6
2026-08-02 11:31:39 | INFO | M05 | os=Windows 11
2026-08-02 11:31:39 | INFO | M05 | shell=powershell
2026-08-02 11:31:39 | INFO | M05 | cwd=notebooks
2026-08-02 11:31:39 | INFO | M05 | github_actions=False
2026-08-02 11:31:39 | INFO | M05 | Confirming installation:
2026-08-02 11:31:39 | INFO | M05 |   python:       3.14.6
2026-08-02 11:31:39 | INFO | M05 |   pandas:       3.0.5
2026-08-02 11:31:39 | INFO | M05 |   numpy:        2.5.1
2026-08-02 11:31:39 | INFO | M05 |   scikit-learn: 1.9.0
2026-08-02 11:31:39 | INFO | M05 |   seaborn:      0.13.2
2026-08-02 11:31:39 | INFO | M05 |   matplotlib:   3.11.1
2026-08-02 11:31:39 | INFO | M05 | Loading dataset: penguins
2026-08-02 11:31:39 | INFO | M05 | Loaded: 344 rows (instances), 7 columns
2026-08-02 11:31:39 | INFO | M05 | Original rows: 344
2026-08-02 11:31:39 | INFO | M05 | Model rows:    342
2026-08-02 11:31:39 | INFO | M05 | Classes in target 'species': ['Adelie', 'Chinstrap', 'Gentoo']
2026-08-02 11:31:39 | DEBUG | M05 | Class counts:
species
Adelie       151
Gentoo       123
Chinstrap     68
Name: count, dtype: int64
2026-08-02 11:31:39 | INFO | M05 | Train instances: 273
2026-08-02 11:31:39 | INFO | M05 | Test instances: 69
2026-08-02 11:31:39 | INFO | M05 | Fitting single tree + two ensembles
2026-08-02 11:31:39 | DEBUG | M05 |   fitted: single_tree
2026-08-02 11:31:39 | DEBUG | M05 |   fitted: random_forest
2026-08-02 11:31:39 | DEBUG | M05 |   fitted: gradient_boosting
2026-08-02 11:31:40 | INFO | M05 |   single_tree        test accuracy = 0.986
2026-08-02 11:31:40 | INFO | M05 |   random_forest      test accuracy = 1.000
2026-08-02 11:31:40 | INFO | M05 |   gradient_boosting  test accuracy = 0.986
2026-08-02 11:31:40 | INFO | M05 | Best model: random_forest with test accuracy = 1.000
2026-08-02 11:31:40 | INFO | M05 | Random forest feature importances (high to low):
2026-08-02 11:31:40 | INFO | M05 |   bill_length_mm       0.404
2026-08-02 11:31:40 | INFO | M05 |   flipper_length_mm    0.301
2026-08-02 11:31:40 | INFO | M05 |   bill_depth_mm        0.219
2026-08-02 11:31:40 | INFO | M05 |   body_mass_g          0.076
2026-08-02 11:31:40 | INFO | M05 | ========================
2026-08-02 11:31:40 | INFO | M05 | SUMMARY
2026-08-02 11:31:40 | INFO | M05 | ========================
2026-08-02 11:31:40 | INFO | M05 | Dataset: penguins   Target: species (classification)
2026-08-02 11:31:40 | INFO | M05 | Compared: single tree vs. random forest vs. gradient boosting
2026-08-02 11:31:40 | INFO | M05 | ========================
2026-08-02 11:52:08 | INFO | M05 | === RUN START ===
2026-08-02 11:52:08 | INFO | M05 | project=M05
2026-08-02 11:52:08 | INFO | M05 | repo_dir=CS44670-Module-5
2026-08-02 11:52:08 | INFO | M05 | python=3.14.6
2026-08-02 11:52:08 | INFO | M05 | os=Windows 11
2026-08-02 11:52:08 | INFO | M05 | shell=powershell
2026-08-02 11:52:08 | INFO | M05 | cwd=notebooks
2026-08-02 11:52:08 | INFO | M05 | github_actions=False
2026-08-02 11:52:08 | INFO | M05 | Confirming installation:
2026-08-02 11:52:08 | INFO | M05 |   python:       3.14.6
2026-08-02 11:52:08 | INFO | M05 |   pandas:       3.0.5
2026-08-02 11:52:08 | INFO | M05 |   numpy:        2.5.1
2026-08-02 11:52:08 | INFO | M05 |   scikit-learn: 1.9.0
2026-08-02 11:52:08 | INFO | M05 |   seaborn:      0.13.2
2026-08-02 11:52:08 | INFO | M05 |   matplotlib:   3.11.1
2026-08-02 11:52:08 | INFO | M05 | Loading dataset: penguins
2026-08-02 11:52:08 | INFO | M05 | Loaded: 344 rows (instances), 7 columns
2026-08-02 11:52:08 | INFO | M05 | Original rows: 344
2026-08-02 11:52:08 | INFO | M05 | Model rows:    333
2026-08-02 11:52:08 | INFO | M05 | Classes in target 'sex': ['Female', 'Male']
2026-08-02 11:52:08 | DEBUG | M05 | Class counts:
sex
Male      168
Female    165
Name: count, dtype: int64
2026-08-02 11:52:08 | INFO | M05 | Train instances: 266
2026-08-02 11:52:08 | INFO | M05 | Test instances: 67
2026-08-02 11:52:08 | INFO | M05 | Fitting single tree + two ensembles
2026-08-02 11:52:08 | DEBUG | M05 |   fitted: single_tree
2026-08-02 11:52:08 | DEBUG | M05 |   fitted: random_forest
2026-08-02 11:52:09 | DEBUG | M05 |   fitted: gradient_boosting
2026-08-02 11:52:09 | INFO | M05 |   single_tree        test accuracy = 0.836
2026-08-02 11:52:09 | INFO | M05 |   random_forest      test accuracy = 0.896
2026-08-02 11:52:09 | INFO | M05 |   gradient_boosting  test accuracy = 0.881
2026-08-02 11:52:09 | INFO | M05 | Best model: random_forest with test accuracy = 0.896
2026-08-02 11:52:09 | INFO | M05 | Random forest feature importances (high to low):
2026-08-02 11:52:09 | INFO | M05 |   bill_depth_mm        0.356
2026-08-02 11:52:09 | INFO | M05 |   body_mass_g          0.325
2026-08-02 11:52:09 | INFO | M05 |   bill_length_mm       0.203
2026-08-02 11:52:09 | INFO | M05 |   flipper_length_mm    0.116
2026-08-02 11:52:09 | INFO | M05 | ========================
2026-08-02 11:52:09 | INFO | M05 | SUMMARY
2026-08-02 11:52:09 | INFO | M05 | ========================
2026-08-02 11:52:09 | INFO | M05 | Dataset: penguins   Target: sex (classification)
2026-08-02 11:52:09 | INFO | M05 | Compared: single tree vs. random forest vs. gradient boosting
2026-08-02 11:52:09 | INFO | M05 | ========================
2026-08-02 11:57:03 | INFO | M05 | === RUN START ===
2026-08-02 11:57:03 | INFO | M05 | project=M05
2026-08-02 11:57:03 | INFO | M05 | repo_dir=CS44670-Module-5
2026-08-02 11:57:03 | INFO | M05 | python=3.14.6
2026-08-02 11:57:03 | INFO | M05 | os=Windows 11
2026-08-02 11:57:03 | INFO | M05 | shell=powershell
2026-08-02 11:57:03 | INFO | M05 | cwd=notebooks
2026-08-02 11:57:03 | INFO | M05 | github_actions=False
2026-08-02 11:57:03 | INFO | M05 | Confirming installation:
2026-08-02 11:57:03 | INFO | M05 |   python:       3.14.6
2026-08-02 11:57:03 | INFO | M05 |   pandas:       3.0.5
2026-08-02 11:57:03 | INFO | M05 |   numpy:        2.5.1
2026-08-02 11:57:03 | INFO | M05 |   scikit-learn: 1.9.0
2026-08-02 11:57:03 | INFO | M05 |   seaborn:      0.13.2
2026-08-02 11:57:03 | INFO | M05 |   matplotlib:   3.11.1
2026-08-02 11:57:03 | INFO | M05 | Loading dataset: penguins
2026-08-02 11:57:03 | INFO | M05 | Loaded: 344 rows (instances), 7 columns
2026-08-02 11:57:03 | INFO | M05 | Original rows: 344
2026-08-02 11:57:03 | INFO | M05 | Model rows:    333
2026-08-02 11:57:03 | INFO | M05 | Classes in target 'sex': ['Female', 'Male']
2026-08-02 11:57:03 | DEBUG | M05 | Class counts:
sex
Male      168
Female    165
Name: count, dtype: int64
2026-08-02 11:57:03 | INFO | M05 | Train instances: 266
2026-08-02 11:57:03 | INFO | M05 | Test instances: 67
2026-08-02 11:57:03 | INFO | M05 | Fitting single tree + two ensembles
2026-08-02 11:57:03 | DEBUG | M05 |   fitted: single_tree
2026-08-02 11:57:03 | DEBUG | M05 |   fitted: random_forest
2026-08-02 11:57:03 | DEBUG | M05 |   fitted: gradient_boosting
2026-08-02 11:57:03 | INFO | M05 |   single_tree        test accuracy = 0.836
2026-08-02 11:57:03 | INFO | M05 |   random_forest      test accuracy = 0.896
2026-08-02 11:57:03 | INFO | M05 |   gradient_boosting  test accuracy = 0.881
2026-08-02 11:57:04 | INFO | M05 | Best model: random_forest with test accuracy = 0.896
2026-08-02 12:02:33 | INFO | M05 | === RUN START ===
2026-08-02 12:02:33 | INFO | M05 | project=M05
2026-08-02 12:02:33 | INFO | M05 | repo_dir=CS44670-Module-5
2026-08-02 12:02:33 | INFO | M05 | python=3.14.6
2026-08-02 12:02:33 | INFO | M05 | os=Windows 11
2026-08-02 12:02:33 | INFO | M05 | shell=powershell
2026-08-02 12:02:33 | INFO | M05 | cwd=notebooks
2026-08-02 12:02:33 | INFO | M05 | github_actions=False
2026-08-02 12:02:33 | INFO | M05 | Confirming installation:
2026-08-02 12:02:33 | INFO | M05 |   python:       3.14.6
2026-08-02 12:02:33 | INFO | M05 |   pandas:       3.0.5
2026-08-02 12:02:33 | INFO | M05 |   numpy:        2.5.1
2026-08-02 12:02:33 | INFO | M05 |   scikit-learn: 1.9.0
2026-08-02 12:02:33 | INFO | M05 |   seaborn:      0.13.2
2026-08-02 12:02:33 | INFO | M05 |   matplotlib:   3.11.1
2026-08-02 12:02:33 | INFO | M05 | Loading dataset: penguins
2026-08-02 12:02:33 | INFO | M05 | Loaded: 344 rows (instances), 7 columns
2026-08-02 12:02:33 | INFO | M05 | Original rows: 344
2026-08-02 12:02:33 | INFO | M05 | Model rows:    333
2026-08-02 12:02:33 | INFO | M05 | Classes in target 'sex': ['Female', 'Male']
2026-08-02 12:02:33 | DEBUG | M05 | Class counts:
sex
Male      168
Female    165
Name: count, dtype: int64
2026-08-02 12:02:33 | INFO | M05 | Train instances: 266
2026-08-02 12:02:33 | INFO | M05 | Test instances: 67
2026-08-02 12:02:33 | INFO | M05 | Fitting single tree + two ensembles
2026-08-02 12:02:33 | DEBUG | M05 |   fitted: single_tree
2026-08-02 12:02:33 | DEBUG | M05 |   fitted: random_forest
2026-08-02 12:02:33 | DEBUG | M05 |   fitted: gradient_boosting
2026-08-02 12:02:33 | INFO | M05 |   single_tree        test accuracy = 0.836
2026-08-02 12:02:33 | INFO | M05 |   random_forest      test accuracy = 0.896
2026-08-02 12:02:33 | INFO | M05 |   gradient_boosting  test accuracy = 0.881
2026-08-02 12:02:33 | INFO | M05 | Best model: random_forest with test accuracy = 0.896
2026-08-02 12:03:32 | INFO | M05 | === RUN START ===
2026-08-02 12:03:32 | INFO | M05 | project=M05
2026-08-02 12:03:32 | INFO | M05 | repo_dir=CS44670-Module-5
2026-08-02 12:03:32 | INFO | M05 | python=3.14.6
2026-08-02 12:03:32 | INFO | M05 | os=Windows 11
2026-08-02 12:03:32 | INFO | M05 | shell=powershell
2026-08-02 12:03:32 | INFO | M05 | cwd=notebooks
2026-08-02 12:03:32 | INFO | M05 | github_actions=False
2026-08-02 12:03:32 | INFO | M05 | Confirming installation:
2026-08-02 12:03:32 | INFO | M05 |   python:       3.14.6
2026-08-02 12:03:32 | INFO | M05 |   pandas:       3.0.5
2026-08-02 12:03:32 | INFO | M05 |   numpy:        2.5.1
2026-08-02 12:03:32 | INFO | M05 |   scikit-learn: 1.9.0
2026-08-02 12:03:32 | INFO | M05 |   seaborn:      0.13.2
2026-08-02 12:03:32 | INFO | M05 |   matplotlib:   3.11.1
2026-08-02 12:03:32 | INFO | M05 | Loading dataset: penguins
2026-08-02 12:03:32 | INFO | M05 | Loaded: 344 rows (instances), 7 columns
2026-08-02 12:03:32 | INFO | M05 | Original rows: 344
2026-08-02 12:03:32 | INFO | M05 | Model rows:    333
2026-08-02 12:03:32 | INFO | M05 | Classes in target 'sex': ['Female', 'Male']
2026-08-02 12:03:32 | DEBUG | M05 | Class counts:
sex
Male      168
Female    165
Name: count, dtype: int64
2026-08-02 12:03:32 | INFO | M05 | Train instances: 266
2026-08-02 12:03:32 | INFO | M05 | Test instances: 67
2026-08-02 12:03:32 | INFO | M05 | Fitting single tree + two ensembles
2026-08-02 12:03:32 | DEBUG | M05 |   fitted: single_tree
2026-08-02 12:03:32 | DEBUG | M05 |   fitted: random_forest
2026-08-02 12:03:32 | DEBUG | M05 |   fitted: gradient_boosting
2026-08-02 12:03:32 | INFO | M05 |   single_tree        test accuracy = 0.836
2026-08-02 12:03:32 | INFO | M05 |   random_forest      test accuracy = 0.896
2026-08-02 12:03:32 | INFO | M05 |   gradient_boosting  test accuracy = 0.881
2026-08-02 12:03:32 | INFO | M05 | Best model: random_forest with test accuracy = 0.896
2026-08-02 12:05:39 | INFO | M05 | === RUN START ===
2026-08-02 12:05:39 | INFO | M05 | project=M05
2026-08-02 12:05:39 | INFO | M05 | repo_dir=CS44670-Module-5
2026-08-02 12:05:39 | INFO | M05 | python=3.14.6
2026-08-02 12:05:39 | INFO | M05 | os=Windows 11
2026-08-02 12:05:39 | INFO | M05 | shell=powershell
2026-08-02 12:05:39 | INFO | M05 | cwd=notebooks
2026-08-02 12:05:39 | INFO | M05 | github_actions=False
2026-08-02 12:05:39 | INFO | M05 | Confirming installation:
2026-08-02 12:05:39 | INFO | M05 |   python:       3.14.6
2026-08-02 12:05:39 | INFO | M05 |   pandas:       3.0.5
2026-08-02 12:05:39 | INFO | M05 |   numpy:        2.5.1
2026-08-02 12:05:39 | INFO | M05 |   scikit-learn: 1.9.0
2026-08-02 12:05:39 | INFO | M05 |   seaborn:      0.13.2
2026-08-02 12:05:39 | INFO | M05 |   matplotlib:   3.11.1
2026-08-02 12:05:41 | INFO | M05 | Loading dataset: penguins
2026-08-02 12:05:41 | INFO | M05 | Loaded: 344 rows (instances), 7 columns
2026-08-02 12:05:41 | INFO | M05 | Original rows: 344
2026-08-02 12:05:41 | INFO | M05 | Model rows:    333
2026-08-02 12:05:41 | INFO | M05 | Classes in target 'sex': ['Female', 'Male']
2026-08-02 12:05:41 | DEBUG | M05 | Class counts:
sex
Male      168
Female    165
Name: count, dtype: int64
2026-08-02 12:05:45 | INFO | M05 | Train instances: 266
2026-08-02 12:05:45 | INFO | M05 | Test instances: 67
2026-08-02 12:05:47 | INFO | M05 | Fitting single tree + two ensembles
2026-08-02 12:05:47 | DEBUG | M05 |   fitted: single_tree
2026-08-02 12:05:47 | DEBUG | M05 |   fitted: random_forest
2026-08-02 12:05:47 | DEBUG | M05 |   fitted: gradient_boosting
2026-08-02 12:05:50 | INFO | M05 |   single_tree        test accuracy = 0.836
2026-08-02 12:05:50 | INFO | M05 |   random_forest      test accuracy = 0.896
2026-08-02 12:05:50 | INFO | M05 |   gradient_boosting  test accuracy = 0.881
2026-08-02 12:05:50 | INFO | M05 | Best model: random_forest with test accuracy = 0.896
2026-08-02 12:08:21 | INFO | M05 | === RUN START ===
2026-08-02 12:08:21 | INFO | M05 | project=M05
2026-08-02 12:08:21 | INFO | M05 | repo_dir=CS44670-Module-5
2026-08-02 12:08:21 | INFO | M05 | python=3.14.6
2026-08-02 12:08:21 | INFO | M05 | os=Windows 11
2026-08-02 12:08:21 | INFO | M05 | shell=powershell
2026-08-02 12:08:21 | INFO | M05 | cwd=notebooks
2026-08-02 12:08:21 | INFO | M05 | github_actions=False
2026-08-02 12:08:21 | INFO | M05 | Confirming installation:
2026-08-02 12:08:21 | INFO | M05 |   python:       3.14.6
2026-08-02 12:08:21 | INFO | M05 |   pandas:       3.0.5
2026-08-02 12:08:21 | INFO | M05 |   numpy:        2.5.1
2026-08-02 12:08:21 | INFO | M05 |   scikit-learn: 1.9.0
2026-08-02 12:08:21 | INFO | M05 |   seaborn:      0.13.2
2026-08-02 12:08:21 | INFO | M05 |   matplotlib:   3.11.1
2026-08-02 12:08:21 | INFO | M05 | Loading dataset: penguins
2026-08-02 12:08:21 | INFO | M05 | Loaded: 344 rows (instances), 7 columns
2026-08-02 12:08:21 | INFO | M05 | Original rows: 344
2026-08-02 12:08:21 | INFO | M05 | Model rows:    333
2026-08-02 12:08:21 | INFO | M05 | Classes in target 'sex': ['Female', 'Male']
2026-08-02 12:08:21 | DEBUG | M05 | Class counts:
sex
Male      168
Female    165
Name: count, dtype: int64
2026-08-02 12:08:21 | INFO | M05 | Train instances: 266
2026-08-02 12:08:21 | INFO | M05 | Test instances: 67
2026-08-02 12:08:21 | INFO | M05 | Fitting single tree + two ensembles
2026-08-02 12:08:21 | DEBUG | M05 |   fitted: single_tree
2026-08-02 12:08:21 | DEBUG | M05 |   fitted: random_forest
2026-08-02 12:08:21 | DEBUG | M05 |   fitted: gradient_boosting
2026-08-02 12:08:21 | INFO | M05 |   single_tree        test accuracy = 0.836
2026-08-02 12:08:21 | INFO | M05 |   random_forest      test accuracy = 0.896
2026-08-02 12:08:21 | INFO | M05 |   gradient_boosting  test accuracy = 0.881
2026-08-02 12:08:21 | INFO | M05 | Best model: random_forest with test accuracy = 0.896
2026-08-02 12:08:21 | INFO | M05 | Random forest feature importances (high to low):
2026-08-02 12:08:21 | INFO | M05 |   bill_depth_mm        0.356
2026-08-02 12:08:21 | INFO | M05 |   body_mass_g          0.325
2026-08-02 12:08:21 | INFO | M05 |   bill_length_mm       0.203
2026-08-02 12:08:21 | INFO | M05 |   flipper_length_mm    0.116
2026-08-02 12:08:22 | INFO | M05 | ========================
2026-08-02 12:08:22 | INFO | M05 | SUMMARY
2026-08-02 12:08:22 | INFO | M05 | ========================
2026-08-02 12:08:22 | INFO | M05 | Dataset: penguins   Target: sex (classification)
2026-08-02 12:08:22 | INFO | M05 | Compared: single tree vs. random forest vs. gradient boosting
2026-08-02 12:08:22 | INFO | M05 | ========================
2026-08-02 12:08:30 | INFO | M05 | === RUN START ===
2026-08-02 12:08:30 | INFO | M05 | project=M05
2026-08-02 12:08:30 | INFO | M05 | repo_dir=CS44670-Module-5
2026-08-02 12:08:30 | INFO | M05 | python=3.14.6
2026-08-02 12:08:30 | INFO | M05 | os=Windows 11
2026-08-02 12:08:30 | INFO | M05 | shell=powershell
2026-08-02 12:08:30 | INFO | M05 | cwd=notebooks
2026-08-02 12:08:30 | INFO | M05 | github_actions=False
2026-08-02 12:08:30 | INFO | M05 | Confirming installation:
2026-08-02 12:08:30 | INFO | M05 |   python:       3.14.6
2026-08-02 12:08:30 | INFO | M05 |   pandas:       3.0.5
2026-08-02 12:08:30 | INFO | M05 |   numpy:        2.5.1
2026-08-02 12:08:30 | INFO | M05 |   scikit-learn: 1.9.0
2026-08-02 12:08:30 | INFO | M05 |   seaborn:      0.13.2
2026-08-02 12:08:30 | INFO | M05 |   matplotlib:   3.11.1
2026-08-02 12:08:30 | INFO | M05 | Loading dataset: penguins
2026-08-02 12:08:30 | INFO | M05 | Loaded: 344 rows (instances), 7 columns
2026-08-02 12:08:30 | INFO | M05 | Original rows: 344
2026-08-02 12:08:30 | INFO | M05 | Model rows:    333
2026-08-02 12:08:30 | INFO | M05 | Classes in target 'sex': ['Female', 'Male']
2026-08-02 12:08:30 | DEBUG | M05 | Class counts:
sex
Male      168
Female    165
Name: count, dtype: int64
2026-08-02 12:08:30 | INFO | M05 | Train instances: 266
2026-08-02 12:08:30 | INFO | M05 | Test instances: 67
2026-08-02 12:08:30 | INFO | M05 | Fitting single tree + two ensembles
2026-08-02 12:08:30 | DEBUG | M05 |   fitted: single_tree
2026-08-02 12:08:30 | DEBUG | M05 |   fitted: random_forest
2026-08-02 12:08:30 | DEBUG | M05 |   fitted: gradient_boosting
2026-08-02 12:08:30 | INFO | M05 |   single_tree        test accuracy = 0.836
2026-08-02 12:08:30 | INFO | M05 |   random_forest      test accuracy = 0.896
2026-08-02 12:08:30 | INFO | M05 |   gradient_boosting  test accuracy = 0.881
2026-08-02 12:08:30 | INFO | M05 | Best model: random_forest with test accuracy = 0.896
2026-08-02 12:08:31 | INFO | M05 | Random forest feature importances (high to low):
2026-08-02 12:08:31 | INFO | M05 |   bill_depth_mm        0.356
2026-08-02 12:08:31 | INFO | M05 |   body_mass_g          0.325
2026-08-02 12:08:31 | INFO | M05 |   bill_length_mm       0.203
2026-08-02 12:08:31 | INFO | M05 |   flipper_length_mm    0.116
2026-08-02 12:08:31 | INFO | M05 | ========================
2026-08-02 12:08:31 | INFO | M05 | SUMMARY
2026-08-02 12:08:31 | INFO | M05 | ========================
2026-08-02 12:08:31 | INFO | M05 | Dataset: penguins   Target: sex (classification)
2026-08-02 12:08:31 | INFO | M05 | Compared: single tree vs. random forest vs. gradient boosting
2026-08-02 12:08:31 | INFO | M05 | ========================
2026-08-02 12:12:27 | INFO | M05 | === RUN START ===
2026-08-02 12:12:27 | INFO | M05 | project=M05
2026-08-02 12:12:27 | INFO | M05 | repo_dir=CS44670-Module-5
2026-08-02 12:12:27 | INFO | M05 | python=3.14.6
2026-08-02 12:12:27 | INFO | M05 | os=Windows 11
2026-08-02 12:12:27 | INFO | M05 | shell=powershell
2026-08-02 12:12:27 | INFO | M05 | cwd=notebooks
2026-08-02 12:12:27 | INFO | M05 | github_actions=False
2026-08-02 12:12:27 | INFO | M05 | Confirming installation:
2026-08-02 12:12:27 | INFO | M05 |   python:       3.14.6
2026-08-02 12:12:27 | INFO | M05 |   pandas:       3.0.5
2026-08-02 12:12:27 | INFO | M05 |   numpy:        2.5.1
2026-08-02 12:12:27 | INFO | M05 |   scikit-learn: 1.9.0
2026-08-02 12:12:27 | INFO | M05 |   seaborn:      0.13.2
2026-08-02 12:12:27 | INFO | M05 |   matplotlib:   3.11.1
2026-08-02 12:12:27 | INFO | M05 | Loading dataset: penguins
2026-08-02 12:12:28 | INFO | M05 | Loaded: 344 rows (instances), 7 columns
2026-08-02 12:12:28 | INFO | M05 | Original rows: 344
2026-08-02 12:12:28 | INFO | M05 | Model rows:    333
2026-08-02 12:12:28 | INFO | M05 | Classes in target 'sex': ['Female', 'Male']
2026-08-02 12:12:28 | DEBUG | M05 | Class counts:
sex
Male      168
Female    165
Name: count, dtype: int64
2026-08-02 12:12:28 | INFO | M05 | Train instances: 266
2026-08-02 12:12:28 | INFO | M05 | Test instances: 67
2026-08-02 12:12:28 | INFO | M05 | Fitting single tree + two ensembles
2026-08-02 12:12:28 | DEBUG | M05 |   fitted: single_tree
2026-08-02 12:12:28 | DEBUG | M05 |   fitted: random_forest
2026-08-02 12:12:28 | DEBUG | M05 |   fitted: gradient_boosting
2026-08-02 12:12:28 | INFO | M05 |   single_tree        test accuracy = 0.836
2026-08-02 12:12:28 | INFO | M05 |   random_forest      test accuracy = 0.896
2026-08-02 12:12:28 | INFO | M05 |   gradient_boosting  test accuracy = 0.881
2026-08-02 12:12:28 | INFO | M05 | Best model: random_forest with test accuracy = 0.896
2026-08-02 12:29:21 | INFO | M05 | === RUN START ===
2026-08-02 12:29:21 | INFO | M05 | project=M05
2026-08-02 12:29:21 | INFO | M05 | repo_dir=CS44670-Module-5
2026-08-02 12:29:21 | INFO | M05 | python=3.14.6
2026-08-02 12:29:21 | INFO | M05 | os=Windows 11
2026-08-02 12:29:21 | INFO | M05 | shell=powershell
2026-08-02 12:29:21 | INFO | M05 | cwd=notebooks
2026-08-02 12:29:21 | INFO | M05 | github_actions=False
2026-08-02 12:29:21 | INFO | M05 | Confirming installation:
2026-08-02 12:29:21 | INFO | M05 |   python:       3.14.6
2026-08-02 12:29:21 | INFO | M05 |   pandas:       3.0.5
2026-08-02 12:29:21 | INFO | M05 |   numpy:        2.5.1
2026-08-02 12:29:21 | INFO | M05 |   scikit-learn: 1.9.0
2026-08-02 12:29:21 | INFO | M05 |   seaborn:      0.13.2
2026-08-02 12:29:21 | INFO | M05 |   matplotlib:   3.11.1
2026-08-02 12:29:21 | INFO | M05 | Loading dataset: penguins
2026-08-02 12:29:21 | INFO | M05 | Loaded: 344 rows (instances), 7 columns
2026-08-02 12:29:21 | INFO | M05 | Original rows: 344
2026-08-02 12:29:21 | INFO | M05 | Model rows:    333
2026-08-02 12:29:21 | INFO | M05 | Classes in target 'sex': ['Female', 'Male']
2026-08-02 12:29:21 | DEBUG | M05 | Class counts:
sex
Male      168
Female    165
Name: count, dtype: int64
2026-08-02 12:29:21 | INFO | M05 | Train instances: 266
2026-08-02 12:29:21 | INFO | M05 | Test instances: 67
2026-08-02 12:29:21 | INFO | M05 | Fitting single tree + two ensembles
2026-08-02 12:29:21 | DEBUG | M05 |   fitted: single_tree
2026-08-02 12:29:21 | DEBUG | M05 |   fitted: random_forest
2026-08-02 12:29:22 | DEBUG | M05 |   fitted: gradient_boosting
2026-08-02 12:29:22 | INFO | M05 |   single_tree        test accuracy = 0.836
2026-08-02 12:29:22 | INFO | M05 |   random_forest      test accuracy = 0.896
2026-08-02 12:29:22 | INFO | M05 |   gradient_boosting  test accuracy = 0.881
2026-08-02 12:29:22 | INFO | M05 | Best model: random_forest with test accuracy = 0.896
2026-08-02 12:29:22 | DEBUG | M05 |   depth= 1  train=0.726  test=0.716
2026-08-02 12:29:22 | DEBUG | M05 |   depth= 2  train=0.891  test=0.821
2026-08-02 12:29:22 | DEBUG | M05 |   depth= 3  train=0.940  test=0.836
2026-08-02 12:29:22 | DEBUG | M05 |   depth= 4  train=0.951  test=0.851
2026-08-02 12:29:22 | DEBUG | M05 |   depth= 5  train=0.966  test=0.851
2026-08-02 12:29:22 | DEBUG | M05 |   depth= 6  train=0.977  test=0.851
2026-08-02 12:29:22 | DEBUG | M05 |   depth= 7  train=0.981  test=0.836
2026-08-02 12:29:22 | DEBUG | M05 |   depth= 8  train=0.996  test=0.821
2026-08-02 12:29:22 | DEBUG | M05 |   depth= 9  train=0.996  test=0.821
2026-08-02 12:29:22 | DEBUG | M05 |   depth=10  train=1.000  test=0.821
2026-08-02 12:29:22 | INFO | M05 | Random forest feature importances (high to low):
2026-08-02 12:29:22 | INFO | M05 |   bill_depth_mm        0.356
2026-08-02 12:29:22 | INFO | M05 |   body_mass_g          0.325
2026-08-02 12:29:22 | INFO | M05 |   bill_length_mm       0.203
2026-08-02 12:29:22 | INFO | M05 |   flipper_length_mm    0.116
2026-08-02 12:29:22 | INFO | M05 | ========================
2026-08-02 12:29:22 | INFO | M05 | SUMMARY
2026-08-02 12:29:22 | INFO | M05 | ========================
2026-08-02 12:29:22 | INFO | M05 | Dataset: penguins   Target: sex (classification)
2026-08-02 12:29:22 | INFO | M05 | Compared: single tree vs. random forest vs. gradient boosting
2026-08-02 12:29:22 | INFO | M05 | ========================
2026-08-02 12:29:50 | DEBUG | M05 |   depth= 1  train=0.726  test=0.716
2026-08-02 12:29:50 | DEBUG | M05 |   depth= 2  train=0.891  test=0.821
2026-08-02 12:29:50 | DEBUG | M05 |   depth= 3  train=0.940  test=0.836
2026-08-02 12:29:50 | DEBUG | M05 |   depth= 4  train=0.951  test=0.851
2026-08-02 12:29:50 | DEBUG | M05 |   depth= 5  train=0.966  test=0.851
2026-08-02 12:29:50 | DEBUG | M05 |   depth= 6  train=0.977  test=0.851
2026-08-02 12:29:50 | DEBUG | M05 |   depth= 7  train=0.981  test=0.836
2026-08-02 12:29:50 | DEBUG | M05 |   depth= 8  train=0.996  test=0.821
2026-08-02 12:29:50 | DEBUG | M05 |   depth= 9  train=0.996  test=0.821
2026-08-02 12:29:50 | DEBUG | M05 |   depth=10  train=1.000  test=0.821
2026-08-02 12:33:02 | DEBUG | M05 |   depth= 1  train=0.726  test=0.716
2026-08-02 12:33:02 | DEBUG | M05 |   depth= 2  train=0.891  test=0.821
2026-08-02 12:33:02 | DEBUG | M05 |   depth= 3  train=0.940  test=0.836
2026-08-02 12:33:02 | DEBUG | M05 |   depth= 4  train=0.951  test=0.851
2026-08-02 12:33:02 | DEBUG | M05 |   depth= 5  train=0.966  test=0.851
2026-08-02 12:33:02 | DEBUG | M05 |   depth= 6  train=0.977  test=0.851
2026-08-02 12:33:02 | DEBUG | M05 |   depth= 7  train=0.981  test=0.836
2026-08-02 12:33:02 | DEBUG | M05 |   depth= 8  train=0.996  test=0.821
2026-08-02 12:33:02 | DEBUG | M05 |   depth= 9  train=0.996  test=0.821
2026-08-02 12:33:02 | DEBUG | M05 |   depth=10  train=1.000  test=0.821
2026-08-02 12:33:29 | DEBUG | M05 |   depth= 1  train=0.726  test=0.716
2026-08-02 12:33:29 | DEBUG | M05 |   depth= 2  train=0.891  test=0.821
2026-08-02 12:33:29 | DEBUG | M05 |   depth= 3  train=0.940  test=0.836
2026-08-02 12:33:29 | DEBUG | M05 |   depth= 4  train=0.951  test=0.851
2026-08-02 12:33:29 | DEBUG | M05 |   depth= 5  train=0.966  test=0.851
2026-08-02 12:33:29 | DEBUG | M05 |   depth= 6  train=0.977  test=0.851
2026-08-02 12:33:29 | DEBUG | M05 |   depth= 7  train=0.981  test=0.836
2026-08-02 12:33:29 | DEBUG | M05 |   depth= 8  train=0.996  test=0.821
2026-08-02 12:33:29 | DEBUG | M05 |   depth= 9  train=0.996  test=0.821
2026-08-02 12:33:29 | DEBUG | M05 |   depth=10  train=1.000  test=0.821
2026-08-02 12:34:25 | INFO | M05 | === RUN START ===
2026-08-02 12:34:25 | INFO | M05 | project=M05
2026-08-02 12:34:25 | INFO | M05 | repo_dir=CS44670-Module-5
2026-08-02 12:34:25 | INFO | M05 | python=3.14.6
2026-08-02 12:34:25 | INFO | M05 | os=Windows 11
2026-08-02 12:34:25 | INFO | M05 | shell=powershell
2026-08-02 12:34:25 | INFO | M05 | cwd=notebooks
2026-08-02 12:34:25 | INFO | M05 | github_actions=False
2026-08-02 12:34:25 | INFO | M05 | Confirming installation:
2026-08-02 12:34:25 | INFO | M05 |   python:       3.14.6
2026-08-02 12:34:25 | INFO | M05 |   pandas:       3.0.5
2026-08-02 12:34:25 | INFO | M05 |   numpy:        2.5.1
2026-08-02 12:34:25 | INFO | M05 |   scikit-learn: 1.9.0
2026-08-02 12:34:25 | INFO | M05 |   seaborn:      0.13.2
2026-08-02 12:34:25 | INFO | M05 |   matplotlib:   3.11.1
2026-08-02 12:34:25 | INFO | M05 | Loading dataset: penguins
2026-08-02 12:34:25 | INFO | M05 | Loaded: 344 rows (instances), 7 columns
2026-08-02 12:34:25 | INFO | M05 | Original rows: 344
2026-08-02 12:34:25 | INFO | M05 | Model rows:    333
2026-08-02 12:34:25 | INFO | M05 | Classes in target 'sex': ['Female', 'Male']
2026-08-02 12:34:25 | DEBUG | M05 | Class counts:
sex
Male      168
Female    165
Name: count, dtype: int64
2026-08-02 12:34:25 | INFO | M05 | Train instances: 266
2026-08-02 12:34:25 | INFO | M05 | Test instances: 67
2026-08-02 12:34:25 | INFO | M05 | Fitting single tree + two ensembles
2026-08-02 12:34:25 | DEBUG | M05 |   fitted: single_tree
2026-08-02 12:34:25 | DEBUG | M05 |   fitted: random_forest
2026-08-02 12:34:26 | DEBUG | M05 |   fitted: gradient_boosting
2026-08-02 12:34:26 | INFO | M05 |   single_tree        test accuracy = 0.836
2026-08-02 12:34:26 | INFO | M05 |   random_forest      test accuracy = 0.896
2026-08-02 12:34:26 | INFO | M05 |   gradient_boosting  test accuracy = 0.881
2026-08-02 12:34:26 | INFO | M05 | Best model: random_forest with test accuracy = 0.896
2026-08-02 12:34:26 | DEBUG | M05 |   depth= 1  train=0.726  test=0.716
2026-08-02 12:34:26 | DEBUG | M05 |   depth= 2  train=0.891  test=0.821
2026-08-02 12:34:26 | DEBUG | M05 |   depth= 3  train=0.940  test=0.836
2026-08-02 12:34:26 | DEBUG | M05 |   depth= 4  train=0.951  test=0.851
2026-08-02 12:34:26 | DEBUG | M05 |   depth= 5  train=0.966  test=0.851
2026-08-02 12:34:26 | DEBUG | M05 |   depth= 6  train=0.977  test=0.851
2026-08-02 12:34:26 | DEBUG | M05 |   depth= 7  train=0.981  test=0.836
2026-08-02 12:34:26 | DEBUG | M05 |   depth= 8  train=0.996  test=0.821
2026-08-02 12:34:26 | DEBUG | M05 |   depth= 9  train=0.996  test=0.821
2026-08-02 12:34:26 | DEBUG | M05 |   depth=10  train=1.000  test=0.821
2026-08-02 12:34:26 | INFO | M05 | Random forest feature importances (high to low):
2026-08-02 12:34:26 | INFO | M05 |   bill_depth_mm        0.356
2026-08-02 12:34:26 | INFO | M05 |   body_mass_g          0.325
2026-08-02 12:34:26 | INFO | M05 |   bill_length_mm       0.203
2026-08-02 12:34:26 | INFO | M05 |   flipper_length_mm    0.116
2026-08-02 12:34:27 | INFO | M05 | ========================
2026-08-02 12:34:27 | INFO | M05 | SUMMARY
2026-08-02 12:34:27 | INFO | M05 | ========================
2026-08-02 12:34:27 | INFO | M05 | Dataset: penguins   Target: sex (classification)
2026-08-02 12:34:27 | INFO | M05 | Compared: single tree vs. random forest vs. gradient boosting
2026-08-02 12:34:27 | INFO | M05 | ========================
2026-08-02 12:34:41 | INFO | M05 | === RUN START ===
2026-08-02 12:34:41 | INFO | M05 | project=M05
2026-08-02 12:34:41 | INFO | M05 | repo_dir=CS44670-Module-5
2026-08-02 12:34:41 | INFO | M05 | python=3.14.6
2026-08-02 12:34:41 | INFO | M05 | os=Windows 11
2026-08-02 12:34:41 | INFO | M05 | shell=powershell
2026-08-02 12:34:41 | INFO | M05 | cwd=notebooks
2026-08-02 12:34:41 | INFO | M05 | github_actions=False
2026-08-02 12:34:41 | INFO | M05 | Confirming installation:
2026-08-02 12:34:41 | INFO | M05 |   python:       3.14.6
2026-08-02 12:34:41 | INFO | M05 |   pandas:       3.0.5
2026-08-02 12:34:41 | INFO | M05 |   numpy:        2.5.1
2026-08-02 12:34:41 | INFO | M05 |   scikit-learn: 1.9.0
2026-08-02 12:34:41 | INFO | M05 |   seaborn:      0.13.2
2026-08-02 12:34:41 | INFO | M05 |   matplotlib:   3.11.1
2026-08-02 12:34:41 | INFO | M05 | Loading dataset: penguins
2026-08-02 12:34:41 | INFO | M05 | Loaded: 344 rows (instances), 7 columns
2026-08-02 12:34:41 | INFO | M05 | Original rows: 344
2026-08-02 12:34:41 | INFO | M05 | Model rows:    333
2026-08-02 12:34:41 | INFO | M05 | Classes in target 'sex': ['Female', 'Male']
2026-08-02 12:34:41 | DEBUG | M05 | Class counts:
sex
Male      168
Female    165
Name: count, dtype: int64
2026-08-02 12:34:41 | INFO | M05 | Train instances: 266
2026-08-02 12:34:41 | INFO | M05 | Test instances: 67
2026-08-02 12:34:41 | INFO | M05 | Fitting single tree + two ensembles
2026-08-02 12:34:41 | DEBUG | M05 |   fitted: single_tree
2026-08-02 12:34:42 | DEBUG | M05 |   fitted: random_forest
2026-08-02 12:34:42 | DEBUG | M05 |   fitted: gradient_boosting
2026-08-02 12:34:42 | INFO | M05 |   single_tree        test accuracy = 0.836
2026-08-02 12:34:42 | INFO | M05 |   random_forest      test accuracy = 0.896
2026-08-02 12:34:42 | INFO | M05 |   gradient_boosting  test accuracy = 0.881
2026-08-02 12:34:42 | INFO | M05 | Best model: random_forest with test accuracy = 0.896
2026-08-02 12:34:42 | DEBUG | M05 |   depth= 1  train=0.726  test=0.716
2026-08-02 12:34:42 | DEBUG | M05 |   depth= 2  train=0.891  test=0.821
2026-08-02 12:34:42 | DEBUG | M05 |   depth= 3  train=0.940  test=0.836
2026-08-02 12:34:42 | DEBUG | M05 |   depth= 4  train=0.951  test=0.851
2026-08-02 12:34:42 | DEBUG | M05 |   depth= 5  train=0.966  test=0.851
2026-08-02 12:34:42 | DEBUG | M05 |   depth= 6  train=0.977  test=0.851
2026-08-02 12:34:42 | DEBUG | M05 |   depth= 7  train=0.981  test=0.836
2026-08-02 12:34:42 | DEBUG | M05 |   depth= 8  train=0.996  test=0.821
2026-08-02 12:34:42 | DEBUG | M05 |   depth= 9  train=0.996  test=0.821
2026-08-02 12:34:42 | DEBUG | M05 |   depth=10  train=1.000  test=0.821
2026-08-02 12:34:43 | INFO | M05 | Random forest feature importances (high to low):
2026-08-02 12:34:43 | INFO | M05 |   bill_depth_mm        0.356
2026-08-02 12:34:43 | INFO | M05 |   body_mass_g          0.325
2026-08-02 12:34:43 | INFO | M05 |   bill_length_mm       0.203
2026-08-02 12:34:43 | INFO | M05 |   flipper_length_mm    0.116
2026-08-02 12:34:43 | INFO | M05 | ========================
2026-08-02 12:34:43 | INFO | M05 | SUMMARY
2026-08-02 12:34:43 | INFO | M05 | ========================
2026-08-02 12:34:43 | INFO | M05 | Dataset: penguins   Target: sex (classification)
2026-08-02 12:34:43 | INFO | M05 | Compared: single tree vs. random forest vs. gradient boosting
2026-08-02 12:34:43 | INFO | M05 | ========================
2026-08-02 12:48:55 | INFO | M05 | === RUN START ===
2026-08-02 12:48:55 | INFO | M05 | project=M05
2026-08-02 12:48:55 | INFO | M05 | repo_dir=CS44670-Module-5
2026-08-02 12:48:55 | INFO | M05 | python=3.14.6
2026-08-02 12:48:55 | INFO | M05 | os=Windows 11
2026-08-02 12:48:55 | INFO | M05 | shell=powershell
2026-08-02 12:48:55 | INFO | M05 | cwd=notebooks
2026-08-02 12:48:55 | INFO | M05 | github_actions=False
2026-08-02 12:48:55 | INFO | M05 | Confirming installation:
2026-08-02 12:48:55 | INFO | M05 |   python:       3.14.6
2026-08-02 12:48:55 | INFO | M05 |   pandas:       3.0.5
2026-08-02 12:48:55 | INFO | M05 |   numpy:        2.5.1
2026-08-02 12:48:55 | INFO | M05 |   scikit-learn: 1.9.0
2026-08-02 12:48:55 | INFO | M05 |   seaborn:      0.13.2
2026-08-02 12:48:55 | INFO | M05 |   matplotlib:   3.11.1
2026-08-02 12:48:55 | INFO | M05 | Loading dataset: penguins
2026-08-02 12:48:55 | INFO | M05 | Loaded: 344 rows (instances), 7 columns
2026-08-02 12:48:55 | INFO | M05 | Original rows: 344
2026-08-02 12:48:55 | INFO | M05 | Model rows:    333
2026-08-02 12:48:55 | INFO | M05 | Classes in target 'sex': ['Female', 'Male']
2026-08-02 12:48:55 | DEBUG | M05 | Class counts:
sex
Male      168
Female    165
Name: count, dtype: int64
2026-08-02 12:48:55 | INFO | M05 | Train instances: 266
2026-08-02 12:48:55 | INFO | M05 | Test instances: 67
2026-08-02 12:48:55 | INFO | M05 | Fitting single tree + two ensembles
2026-08-02 12:48:55 | DEBUG | M05 |   fitted: single_tree
2026-08-02 12:48:55 | DEBUG | M05 |   fitted: random_forest
2026-08-02 12:48:55 | DEBUG | M05 |   fitted: gradient_boosting
2026-08-02 12:48:55 | INFO | M05 |   single_tree        test accuracy = 0.836
2026-08-02 12:48:55 | INFO | M05 |   random_forest      test accuracy = 0.896
2026-08-02 12:48:55 | INFO | M05 |   gradient_boosting  test accuracy = 0.881
2026-08-02 12:48:56 | INFO | M05 | Best model: random_forest with test accuracy = 0.896
2026-08-02 12:48:56 | DEBUG | M05 |   depth= 1  train=0.940  test=0.836
2026-08-02 12:48:56 | DEBUG | M05 |   depth= 2  train=0.940  test=0.836
2026-08-02 12:48:56 | DEBUG | M05 |   depth= 3  train=0.940  test=0.836
2026-08-02 12:48:56 | DEBUG | M05 |   depth= 4  train=0.940  test=0.836
2026-08-02 12:48:56 | DEBUG | M05 |   depth= 5  train=0.940  test=0.836
2026-08-02 12:48:56 | DEBUG | M05 |   depth= 6  train=0.940  test=0.836
2026-08-02 12:48:56 | DEBUG | M05 |   depth= 7  train=0.940  test=0.836
2026-08-02 12:48:56 | DEBUG | M05 |   depth= 8  train=0.940  test=0.836
2026-08-02 12:48:56 | DEBUG | M05 |   depth= 9  train=0.940  test=0.836
2026-08-02 12:48:56 | DEBUG | M05 |   depth=10  train=0.940  test=0.836
2026-08-02 12:48:57 | INFO | M05 | Random forest feature importances (high to low):
2026-08-02 12:48:57 | INFO | M05 |   bill_depth_mm        0.356
2026-08-02 12:48:57 | INFO | M05 |   body_mass_g          0.325
2026-08-02 12:48:57 | INFO | M05 |   bill_length_mm       0.203
2026-08-02 12:48:57 | INFO | M05 |   flipper_length_mm    0.116
2026-08-02 12:48:57 | INFO | M05 | ========================
2026-08-02 12:48:57 | INFO | M05 | SUMMARY
2026-08-02 12:48:57 | INFO | M05 | ========================
2026-08-02 12:48:57 | INFO | M05 | Dataset: penguins   Target: sex (classification)
2026-08-02 12:48:57 | INFO | M05 | Compared: single tree vs. random forest vs. gradient boosting
2026-08-02 12:48:57 | INFO | M05 | ========================
2026-08-02 12:54:03 | INFO | M05 | === RUN START ===
2026-08-02 12:54:03 | INFO | M05 | project=M05
2026-08-02 12:54:03 | INFO | M05 | repo_dir=CS44670-Module-5
2026-08-02 12:54:03 | INFO | M05 | python=3.14.6
2026-08-02 12:54:03 | INFO | M05 | os=Windows 11
2026-08-02 12:54:03 | INFO | M05 | shell=powershell
2026-08-02 12:54:03 | INFO | M05 | cwd=notebooks
2026-08-02 12:54:03 | INFO | M05 | github_actions=False
2026-08-02 12:54:03 | INFO | M05 | Confirming installation:
2026-08-02 12:54:03 | INFO | M05 |   python:       3.14.6
2026-08-02 12:54:03 | INFO | M05 |   pandas:       3.0.5
2026-08-02 12:54:03 | INFO | M05 |   numpy:        2.5.1
2026-08-02 12:54:03 | INFO | M05 |   scikit-learn: 1.9.0
2026-08-02 12:54:03 | INFO | M05 |   seaborn:      0.13.2
2026-08-02 12:54:03 | INFO | M05 |   matplotlib:   3.11.1
2026-08-02 12:54:03 | INFO | M05 | Loading dataset: penguins
2026-08-02 12:54:03 | INFO | M05 | Loaded: 344 rows (instances), 7 columns
2026-08-02 12:54:03 | INFO | M05 | Original rows: 344
2026-08-02 12:54:03 | INFO | M05 | Model rows:    333
2026-08-02 12:54:03 | INFO | M05 | Classes in target 'sex': ['Female', 'Male']
2026-08-02 12:54:03 | DEBUG | M05 | Class counts:
sex
Male      168
Female    165
Name: count, dtype: int64
2026-08-02 12:54:03 | INFO | M05 | Train instances: 266
2026-08-02 12:54:03 | INFO | M05 | Test instances: 67
2026-08-02 12:54:03 | INFO | M05 | Fitting single tree + two ensembles
2026-08-02 12:54:03 | DEBUG | M05 |   fitted: single_tree
2026-08-02 12:54:03 | DEBUG | M05 |   fitted: random_forest
2026-08-02 12:54:03 | DEBUG | M05 |   fitted: gradient_boosting
2026-08-02 12:54:03 | INFO | M05 |   single_tree        test accuracy = 0.836
2026-08-02 12:54:03 | INFO | M05 |   random_forest      test accuracy = 0.896
2026-08-02 12:54:03 | INFO | M05 |   gradient_boosting  test accuracy = 0.881
2026-08-02 12:54:03 | INFO | M05 | Best model: random_forest with test accuracy = 0.896
2026-08-02 12:54:03 | DEBUG | M05 |   depth= 1  train=0.940  test=0.836
2026-08-02 12:54:03 | DEBUG | M05 |   depth= 2  train=0.940  test=0.836
2026-08-02 12:54:03 | DEBUG | M05 |   depth= 3  train=0.940  test=0.836
2026-08-02 12:54:03 | DEBUG | M05 |   depth= 4  train=0.940  test=0.836
2026-08-02 12:54:03 | DEBUG | M05 |   depth= 5  train=0.940  test=0.836
2026-08-02 12:54:03 | DEBUG | M05 |   depth= 6  train=0.940  test=0.836
2026-08-02 12:54:03 | DEBUG | M05 |   depth= 7  train=0.940  test=0.836
2026-08-02 12:54:03 | DEBUG | M05 |   depth= 8  train=0.940  test=0.836
2026-08-02 12:54:03 | DEBUG | M05 |   depth= 9  train=0.940  test=0.836
2026-08-02 12:54:03 | DEBUG | M05 |   depth=10  train=0.940  test=0.836
2026-08-02 12:54:04 | INFO | M05 | Random forest feature importances (high to low):
2026-08-02 12:54:04 | INFO | M05 |   bill_depth_mm        0.356
2026-08-02 12:54:04 | INFO | M05 |   body_mass_g          0.325
2026-08-02 12:54:04 | INFO | M05 |   bill_length_mm       0.203
2026-08-02 12:54:04 | INFO | M05 |   flipper_length_mm    0.116
2026-08-02 12:54:04 | INFO | M05 | ========================
2026-08-02 12:54:04 | INFO | M05 | SUMMARY
2026-08-02 12:54:04 | INFO | M05 | ========================
2026-08-02 12:54:04 | INFO | M05 | Dataset: penguins   Target: sex (classification)
2026-08-02 12:54:04 | INFO | M05 | Compared: single tree vs. random forest vs. gradient boosting
2026-08-02 12:54:04 | INFO | M05 | ========================
2026-08-02 12:54:29 | INFO | M05 | === RUN START ===
2026-08-02 12:54:29 | INFO | M05 | project=M05
2026-08-02 12:54:29 | INFO | M05 | repo_dir=CS44670-Module-5
2026-08-02 12:54:29 | INFO | M05 | python=3.14.6
2026-08-02 12:54:29 | INFO | M05 | os=Windows 11
2026-08-02 12:54:29 | INFO | M05 | shell=powershell
2026-08-02 12:54:29 | INFO | M05 | cwd=notebooks
2026-08-02 12:54:29 | INFO | M05 | github_actions=False
2026-08-02 12:54:29 | INFO | M05 | Confirming installation:
2026-08-02 12:54:29 | INFO | M05 |   python:       3.14.6
2026-08-02 12:54:29 | INFO | M05 |   pandas:       3.0.5
2026-08-02 12:54:29 | INFO | M05 |   numpy:        2.5.1
2026-08-02 12:54:29 | INFO | M05 |   scikit-learn: 1.9.0
2026-08-02 12:54:29 | INFO | M05 |   seaborn:      0.13.2
2026-08-02 12:54:29 | INFO | M05 |   matplotlib:   3.11.1
2026-08-02 12:54:29 | INFO | M05 | Loading dataset: penguins
2026-08-02 12:54:29 | INFO | M05 | Loaded: 344 rows (instances), 7 columns
2026-08-02 12:54:29 | INFO | M05 | Original rows: 344
2026-08-02 12:54:29 | INFO | M05 | Model rows:    333
2026-08-02 12:54:29 | INFO | M05 | Classes in target 'sex': ['Female', 'Male']
2026-08-02 12:54:29 | DEBUG | M05 | Class counts:
sex
Male      168
Female    165
Name: count, dtype: int64
2026-08-02 12:54:29 | INFO | M05 | Train instances: 266
2026-08-02 12:54:29 | INFO | M05 | Test instances: 67
2026-08-02 12:54:29 | INFO | M05 | Fitting single tree + two ensembles
2026-08-02 12:54:29 | DEBUG | M05 |   fitted: single_tree
2026-08-02 12:54:30 | DEBUG | M05 |   fitted: random_forest
2026-08-02 12:54:30 | DEBUG | M05 |   fitted: gradient_boosting
2026-08-02 12:54:30 | INFO | M05 |   single_tree        test accuracy = 0.836
2026-08-02 12:54:30 | INFO | M05 |   random_forest      test accuracy = 0.896
2026-08-02 12:54:30 | INFO | M05 |   gradient_boosting  test accuracy = 0.881
2026-08-02 12:54:30 | INFO | M05 | Best model: random_forest with test accuracy = 0.896
2026-08-02 12:54:30 | DEBUG | M05 |   depth= 1  train=0.940  test=0.836
2026-08-02 12:54:30 | DEBUG | M05 |   depth= 2  train=0.940  test=0.836
2026-08-02 12:54:30 | DEBUG | M05 |   depth= 3  train=0.940  test=0.836
2026-08-02 12:54:30 | DEBUG | M05 |   depth= 4  train=0.940  test=0.836
2026-08-02 12:54:30 | DEBUG | M05 |   depth= 5  train=0.940  test=0.836
2026-08-02 12:54:30 | DEBUG | M05 |   depth= 6  train=0.940  test=0.836
2026-08-02 12:54:30 | DEBUG | M05 |   depth= 7  train=0.940  test=0.836
2026-08-02 12:54:30 | DEBUG | M05 |   depth= 8  train=0.940  test=0.836
2026-08-02 12:54:30 | DEBUG | M05 |   depth= 9  train=0.940  test=0.836
2026-08-02 12:54:30 | DEBUG | M05 |   depth=10  train=0.940  test=0.836
2026-08-02 12:54:31 | INFO | M05 | Random forest feature importances (high to low):
2026-08-02 12:54:31 | INFO | M05 |   bill_depth_mm        0.356
2026-08-02 12:54:31 | INFO | M05 |   body_mass_g          0.325
2026-08-02 12:54:31 | INFO | M05 |   bill_length_mm       0.203
2026-08-02 12:54:31 | INFO | M05 |   flipper_length_mm    0.116
2026-08-02 12:54:31 | INFO | M05 | ========================
2026-08-02 12:54:31 | INFO | M05 | SUMMARY
2026-08-02 12:54:31 | INFO | M05 | ========================
2026-08-02 12:54:31 | INFO | M05 | Dataset: penguins   Target: sex (classification)
2026-08-02 12:54:31 | INFO | M05 | Compared: single tree vs. random forest vs. gradient boosting
2026-08-02 12:54:31 | INFO | M05 | ========================
